[
    {
        "$$type": "PHPXElement",
        "openingElement": [
            "L1:P0-1:<:60",
            "L1:P1-2:p:262:<T_STRING",
            "L1:P45-46:>:62"
        ],
        "selfClosing": false,
        "attributes": [
            "L1:P2-3: :392:<T_WHITESPACE",
            {
                "$$type": "PHPXAttribute",
                "name": [
                    "L1:P3-8:xmlns:262:<T_STRING",
                    "L1:P8-9:::58",
                    "L1:P9-11:cc:262:<T_STRING"
                ],
                "assignment": "L1:P11-12:=:61",
                "value": "L1:P12-44:\"http:\/\/creativecommons.org\/ns#\":269:<T_CONSTANT_ENCAPSED_STRING"
            },
            "L1:P44-45: :392:<T_WHITESPACE"
        ],
        "children": [
            {
                "$$type": "PHPXText",
                "tokens": [
                    "L1:P46-50:This:262:<T_STRING",
                    "L1:P50-51: :392:<T_WHITESPACE",
                    "L1:P51-55:work:262:<T_STRING",
                    "L1:P55-56: :392:<T_WHITESPACE",
                    "L1:P56-58:is:262:<T_STRING",
                    "L1:P58-59: :392:<T_WHITESPACE",
                    "L1:P59-67:licensed:262:<T_STRING",
                    "L1:P67-68: :392:<T_WHITESPACE",
                    "L1:P68-73:under:262:<T_STRING",
                    "L1:P73-74: :392:<T_WHITESPACE"
                ]
            },
            {
                "$$type": "PHPXElement",
                "openingElement": [
                    "L1:P74-75:<:60",
                    "L1:P75-76:a:262:<T_STRING",
                    "L1:P225-226:>:62"
                ],
                "selfClosing": false,
                "attributes": [
                    "L1:P76-77: :392:<T_WHITESPACE",
                    {
                        "$$type": "PHPXAttribute",
                        "name": [
                            "L1:P77-81:href:262:<T_STRING"
                        ],
                        "assignment": "L1:P81-82:=:61",
                        "value": "L1:P82-145:\"http:\/\/creativecommons.org\/licenses\/by-nc\/4.0\/?ref=chooser-v1\":269:<T_CONSTANT_ENCAPSED_STRING"
                    },
                    "L1:P145-146: :392:<T_WHITESPACE",
                    {
                        "$$type": "PHPXAttribute",
                        "name": [
                            "L1:P146-152:target:262:<T_STRING"
                        ],
                        "assignment": "L1:P152-153:=:61",
                        "value": "L1:P153-161:\"_blank\":269:<T_CONSTANT_ENCAPSED_STRING"
                    },
                    "L1:P161-162: :392:<T_WHITESPACE",
                    {
                        "$$type": "PHPXAttribute",
                        "name": [
                            "L1:P162-165:rel:262:<T_STRING"
                        ],
                        "assignment": "L1:P165-166:=:61",
                        "value": "L1:P166-195:\"license noopener noreferrer\":269:<T_CONSTANT_ENCAPSED_STRING"
                    },
                    "L1:P195-196: :392:<T_WHITESPACE",
                    {
                        "$$type": "PHPXAttribute",
                        "name": [
                            "L1:P196-201:style:262:<T_STRING"
                        ],
                        "assignment": "L1:P201-202:=:61",
                        "value": "L1:P202-225:\"display:inline-block;\":269:<T_CONSTANT_ENCAPSED_STRING"
                    }
                ],
                "children": [
                    {
                        "$$type": "PHPXText",
                        "tokens": [
                            "L1:P226-228:CC:262:<T_STRING",
                            "L1:P228-229: :392:<T_WHITESPACE",
                            "L1:P229-231:BY:262:<T_STRING",
                            "L1:P231-232:-:45",
                            "L1:P232-234:NC:262:<T_STRING",
                            "L1:P234-235: :392:<T_WHITESPACE",
                            "L1:P235-238:4.0:261:<T_DNUMBER"
                        ]
                    },
                    {
                        "$$type": "PHPXElement",
                        "openingElement": [
                            "L1:P238-239:<:60",
                            "L1:P239-242:img:262:<T_STRING"
                        ],
                        "selfClosing": true,
                        "attributes": [
                            "L1:P242-243: :392:<T_WHITESPACE",
                            {
                                "$$type": "PHPXAttribute",
                                "name": [
                                    "L1:P243-248:style:262:<T_STRING"
                                ],
                                "assignment": "L1:P248-249:=:61",
                                "value": "L1:P249-316:\"height:22px!important;margin-left:3px;vertical-align:text-bottom;\":269:<T_CONSTANT_ENCAPSED_STRING"
                            },
                            "L1:P316-317: :392:<T_WHITESPACE",
                            {
                                "$$type": "PHPXAttribute",
                                "name": [
                                    "L1:P317-320:src:262:<T_STRING"
                                ],
                                "assignment": "L1:P320-321:=:61",
                                "value": "L1:P321-395:\"https:\/\/mirrors.creativecommons.org\/presskit\/icons\/cc.svg?ref=chooser-v1\":269:<T_CONSTANT_ENCAPSED_STRING"
                            },
                            "L1:P395-396: :392:<T_WHITESPACE"
                        ],
                        "closingElement": [
                            "L1:P396-397:\/:47",
                            "L1:P397-398:>:62"
                        ]
                    },
                    {
                        "$$type": "PHPXElement",
                        "openingElement": [
                            "L1:P398-399:<:60",
                            "L1:P399-402:img:262:<T_STRING"
                        ],
                        "selfClosing": true,
                        "attributes": [
                            "L1:P402-403: :392:<T_WHITESPACE",
                            {
                                "$$type": "PHPXAttribute",
                                "name": [
                                    "L1:P403-408:style:262:<T_STRING"
                                ],
                                "assignment": "L1:P408-409:=:61",
                                "value": "L1:P409-476:\"height:22px!important;margin-left:3px;vertical-align:text-bottom;\":269:<T_CONSTANT_ENCAPSED_STRING"
                            },
                            "L1:P476-477: :392:<T_WHITESPACE",
                            {
                                "$$type": "PHPXAttribute",
                                "name": [
                                    "L1:P477-480:src:262:<T_STRING"
                                ],
                                "assignment": "L1:P480-481:=:61",
                                "value": "L1:P481-555:\"https:\/\/mirrors.creativecommons.org\/presskit\/icons\/by.svg?ref=chooser-v1\":269:<T_CONSTANT_ENCAPSED_STRING"
                            },
                            "L1:P555-556: :392:<T_WHITESPACE"
                        ],
                        "closingElement": [
                            "L1:P556-557:\/:47",
                            "L1:P557-558:>:62"
                        ]
                    },
                    {
                        "$$type": "PHPXElement",
                        "openingElement": [
                            "L1:P558-559:<:60",
                            "L1:P559-562:img:262:<T_STRING"
                        ],
                        "selfClosing": true,
                        "attributes": [
                            "L1:P562-563: :392:<T_WHITESPACE",
                            {
                                "$$type": "PHPXAttribute",
                                "name": [
                                    "L1:P563-568:style:262:<T_STRING"
                                ],
                                "assignment": "L1:P568-569:=:61",
                                "value": "L1:P569-636:\"height:22px!important;margin-left:3px;vertical-align:text-bottom;\":269:<T_CONSTANT_ENCAPSED_STRING"
                            },
                            "L1:P636-637: :392:<T_WHITESPACE",
                            {
                                "$$type": "PHPXAttribute",
                                "name": [
                                    "L1:P637-640:src:262:<T_STRING"
                                ],
                                "assignment": "L1:P640-641:=:61",
                                "value": "L1:P641-715:\"https:\/\/mirrors.creativecommons.org\/presskit\/icons\/nc.svg?ref=chooser-v1\":269:<T_CONSTANT_ENCAPSED_STRING"
                            },
                            "L1:P715-716: :392:<T_WHITESPACE"
                        ],
                        "closingElement": [
                            "L1:P716-717:\/:47",
                            "L1:P717-718:>:62"
                        ]
                    }
                ],
                "closingElement": [
                    "L1:P718-719:<:60",
                    "L1:P719-720:\/:47",
                    "L1:P720-721:a:262:<T_STRING",
                    "L1:P721-722:>:62"
                ]
            }
        ],
        "closingElement": [
            "L1:P722-723:<:60",
            "L1:P723-724:\/:47",
            "L1:P724-725:p:262:<T_STRING",
            "L1:P725-726:>:62"
        ]
    }
]