[
    {
        "$$type": "PHPXElement",
        "openingElement": [
            "L1:P0-1:<:60",
            "L1:P1-2:p:262:<T_STRING",
            "L1:P2-3:>:62"
        ],
        "selfClosing": false,
        "attributes": [],
        "children": [
            {
                "$$type": "PHPXText",
                "tokens": [
                    "L1:P3-4: :392:<T_WHITESPACE",
                    "L1:P4-6:\u00a9:262:<T_STRING"
                ]
            },
            {
                "$$type": "PHPXExpressionContainer",
                "expression": {
                    "$$type": "Block",
                    "opening": "L1:P6-7:{:123",
                    "children": [
                        "L1:P7-12:$year:266:<T_VARIABLE"
                    ],
                    "closing": "L1:P12-13:}:125"
                }
            },
            {
                "$$type": "PHPXText",
                "tokens": [
                    "L1:P13-14: :392:<T_WHITESPACE"
                ]
            },
            {
                "$$type": "PHPXElement",
                "openingElement": [
                    "L1:P14-15:<:60",
                    "L1:P15-16:a:262:<T_STRING",
                    "L1:P58-59:>:62"
                ],
                "selfClosing": false,
                "attributes": [
                    "L1:P16-17: :392:<T_WHITESPACE",
                    {
                        "$$type": "PHPXAttribute",
                        "name": [
                            "L1:P17-21:href:262:<T_STRING"
                        ],
                        "assignment": "L1:P21-22:=:61",
                        "value": "L1:P22-58:\"https:\/\/threads.com\/@martin_adamko\":269:<T_CONSTANT_ENCAPSED_STRING"
                    }
                ],
                "children": [
                    {
                        "$$type": "PHPXText",
                        "tokens": [
                            "L1:P59-60:@:64",
                            "L1:P60-73:martin_adamko:262:<T_STRING"
                        ]
                    }
                ],
                "closingElement": [
                    "L1:P73-74:<:60",
                    "L1:P74-75:\/:47",
                    "L1:P75-76:a:262:<T_STRING",
                    "L1:P76-77:>:62"
                ]
            },
            {
                "$$type": "PHPXText",
                "tokens": [
                    "L1:P77-78: :392:<T_WHITESPACE"
                ]
            }
        ],
        "closingElement": [
            "L1:P78-79:<:60",
            "L1:P79-80:\/:47",
            "L1:P80-81:p:262:<T_STRING",
            "L1:P81-82:>:62"
        ]
    }
]