[
    {
        "$$type": "TemplateLiteral",
        "opening": "L1:P0-1:`:96",
        "children": [
            "L1:P1-19:Hello, my name is :319:<T_ENCAPSED_AND_WHITESPACE",
            {
                "$$type": "Block",
                "opening": "L1:P19-21:${:400:<T_DOLLAR_OPEN_CURLY_BRACES",
                "children": [
                    "L1:P21-26:$name:317:<T_VARIABLE",
                    "L1:P26-27: :397:<T_WHITESPACE",
                    "L1:P27-29:??:284:<T_COALESCE",
                    "L1:P29-30: :397:<T_WHITESPACE",
                    "L1:P30-49:'yet to be defined':320:<T_CONSTANT_ENCAPSED_STRING"
                ],
                "closing": "L1:P49-50:}:125"
            },
            "L1:P50-68:, and I come from :319:<T_ENCAPSED_AND_WHITESPACE",
            {
                "$$type": "Block",
                "opening": "L1:P68-70:${:400:<T_DOLLAR_OPEN_CURLY_BRACES",
                "children": [
                    "L1:P70-78:$country:317:<T_VARIABLE",
                    "L1:P78-79: :397:<T_WHITESPACE",
                    "L1:P79-81:??:284:<T_COALESCE",
                    "L1:P81-82: :397:<T_WHITESPACE",
                    "L1:P82-89:'Earth':320:<T_CONSTANT_ENCAPSED_STRING"
                ],
                "closing": "L1:P89-90:}:125"
            },
            "L1:P90-91:!:319:<T_ENCAPSED_AND_WHITESPACE"
        ],
        "closing": "L1:P91-92:`:96"
    }
]