[
    {
        "$$type": "PHPXElement",
        "openingElement": [
            "L1:P0-1:<:60",
            "L1:P1-4:div:262:<T_STRING",
            "L1:P13-14:>:62"
        ],
        "selfClosing": false,
        "attributes": [
            "L1:P4-5: :396:<T_WHITESPACE",
            {
                "$$type": "PHPXAttribute",
                "name": [
                    "L1:P5-9:data:262:<T_STRING",
                    "L1:P9-10:-:45",
                    "L1:P10-13:foo:262:<T_STRING"
                ],
                "assignment": null,
                "value": true
            }
        ],
        "children": [],
        "closingElement": [
            "L1:P14-15:<:60",
            "L1:P15-16:\/:47",
            "L1:P16-19:div:262:<T_STRING",
            "L1:P19-20:>:62"
        ]
    }
]