[
    {
        "$$type": "TemplateLiteral",
        "opening": "L1:P0-1:`:96",
        "children": [
            "L1:P1-19:Hello, my name is :268:<T_ENCAPSED_AND_WHITESPACE",
            {
                "$$type": "Block",
                "opening": "L1:P19-21:${:399:<T_DOLLAR_OPEN_CURLY_BRACES",
                "children": [
                    "L1:P21-26:$name:266:<T_VARIABLE",
                    "L1:P26-27: :396:<T_WHITESPACE",
                    "L1:P27-29:??:404:<T_COALESCE",
                    "L1:P29-30: :396:<T_WHITESPACE",
                    "L1:P30-49:'yet to be defined':269:<T_CONSTANT_ENCAPSED_STRING"
                ],
                "closing": "L1:P49-50:}:125"
            },
            "L1:P50-68:, and I come from :268:<T_ENCAPSED_AND_WHITESPACE",
            {
                "$$type": "Block",
                "opening": "L1:P68-70:${:399:<T_DOLLAR_OPEN_CURLY_BRACES",
                "children": [
                    "L1:P70-78:$country:266:<T_VARIABLE",
                    "L1:P78-79: :396:<T_WHITESPACE",
                    "L1:P79-81:??:404:<T_COALESCE",
                    "L1:P81-82: :396:<T_WHITESPACE",
                    "L1:P82-89:'Earth':269:<T_CONSTANT_ENCAPSED_STRING"
                ],
                "closing": "L1:P89-90:}:125"
            },
            "L1:P90-91:!:268:<T_ENCAPSED_AND_WHITESPACE"
        ],
        "closing": "L1:P91-92:`:96"
    }
]